warning: `C:\Users\Sam\Documents\Fmmpeg\native-audit\rustup\.cargo\config` is deprecated in favor of `config.toml`
  |
  = help: if you need to support cargo 1.38 or earlier, you can symlink `config` to `config.toml`
warning: `C:\Users\Sam\Documents\Fmmpeg\native-audit\rustup\.cargo\config` is deprecated in favor of `config.toml`
  |
  = help: if you need to support cargo 1.38 or earlier, you can symlink `config` to `config.toml`
   Compiling windows_x86_64_gnu v0.52.6
   Compiling proc-macro2 v1.0.92
   Compiling unicode-ident v1.0.13
   Compiling anstyle v1.0.10
   Compiling serde_core v1.0.228
   Compiling once_cell v1.21.3
   Compiling utf8parse v0.2.2
   Compiling foldhash v0.1.5
   Compiling autocfg v1.4.0
   Compiling is_terminal_polyfill v1.70.1
   Compiling colorchoice v1.0.3
   Compiling equivalent v1.0.2
   Compiling memchr v2.7.4
   Compiling cfg-if v1.0.0
   Compiling object v0.37.1
   Compiling serde v1.0.228
   Compiling clap_lex v0.7.4
   Compiling serde_json v1.0.145
   Compiling anyhow v1.0.98
   Compiling heck v0.5.0
   Compiling strsim v0.11.1
   Compiling ryu v1.0.20
   Compiling itoa v1.0.15
   Compiling xtask v0.1.0 (C:\Users\Sam\Documents\Fmmpeg\native-audit\subrandr-build\xtask)
   Compiling anstyle-parse v0.2.6
   Compiling hashbrown v0.15.2
   Compiling crc32fast v1.4.2
   Compiling memoffset v0.9.1
   Compiling indexmap v2.8.0
   Compiling windows-targets v0.52.6
   Compiling windows-sys v0.59.0
   Compiling quote v1.0.37
   Compiling syn v2.0.91
   Compiling anstyle-wincon v3.0.7
   Compiling anstyle-query v1.1.2
   Compiling anstream v0.6.18
   Compiling clap_builder v4.5.37
   Compiling implib v0.4.0
   Compiling clap_derive v4.5.32
   Compiling serde_derive v1.0.228
   Compiling clap v4.5.37
    Finished `dev` profile [unoptimized + debuginfo] target(s) in 8.89s
     Running `target\debug\xtask.exe install --prefix 'C:/Users/Sam/Documents/Fmmpeg/native-audit/mpv-winbuild-cmake-20260814/build64/install/x86_64-w64-mingw32' --target x86_64-pc-windows-gnu --static-library true --shared-library false`
warning: `C:\Users\Sam\Documents\Fmmpeg\native-audit\rustup\.cargo\config` is deprecated in favor of `config.toml`
  |
  = help: if you need to support cargo 1.38 or earlier, you can symlink `config` to `config.toml`
 Downloading crates ...
  Downloaded core_maths v0.1.1
  Downloaded displaydoc v0.2.5
  Downloaded icu_collections v2.0.0
  Downloaded icu_locale_data v2.0.0
  Downloaded potential_utf v0.1.2
  Downloaded synstructure v0.13.1
  Downloaded tinystr v0.8.1
  Downloaded windows v0.61.1
  Downloaded windows-future v0.2.0
  Downloaded windows-link v0.1.1
  Downloaded windows-strings v0.4.0
  Downloaded yoke-derive v0.8.0
  Downloaded zerotrie v0.2.2
  Downloaded icu_segmenter_data v2.0.0
  Downloaded icu_locale v2.0.0
  Downloaded quick-xml v0.36.2
  Downloaded thiserror-impl v1.0.63
  Downloaded windows-collections v0.2.0
  Downloaded windows-interface v0.59.1
  Downloaded writeable v0.6.1
  Downloaded zerofrom-derive v0.1.6
  Downloaded icu_locale_core v2.0.0
  Downloaded litemap v0.8.0
  Downloaded unicode-bidi v0.3.18
  Downloaded windows-implement v0.60.0
  Downloaded yoke v0.8.0
  Downloaded zerovec-derive v0.11.1
  Downloaded icu_segmenter v2.0.0
  Downloaded stable_deref_trait v1.2.0
  Downloaded windows-core v0.61.0
  Downloaded zerofrom v0.1.6
  Downloaded windows-numerics v0.2.0
  Downloaded libm v0.2.13
  Downloaded icu_provider v2.0.0
  Downloaded windows-result v0.3.2
  Downloaded utf8_iter v1.0.4
  Downloaded zerovec v0.11.2
  Downloaded thiserror v1.0.63
   Compiling proc-macro2 v1.0.92
   Compiling unicode-ident v1.0.13
   Compiling stable_deref_trait v1.2.0
   Compiling windows-link v0.1.1
   Compiling icu_locale_data v2.0.0
   Compiling libm v0.2.13
   Compiling litemap v0.8.0
   Compiling writeable v0.6.1
   Compiling thiserror v1.0.63
   Compiling icu_segmenter_data v2.0.0
   Compiling hashbrown v0.15.2
   Compiling text-sys v0.1.0 (C:\Users\Sam\Documents\Fmmpeg\native-audit\subrandr-build\text-sys)
   Compiling subrandr v1.4.0 (C:\Users\Sam\Documents\Fmmpeg\native-audit\subrandr-build)
   Compiling memchr v2.7.4
   Compiling utf8_iter v1.0.4
   Compiling sbr-log v0.7.0 (C:\Users\Sam\Documents\Fmmpeg\native-audit\subrandr-build\sbr-log)
   Compiling unicode-bidi v0.3.18
   Compiling once_cell v1.21.3
   Compiling windows-strings v0.4.0
   Compiling windows-result v0.3.2
   Compiling quick-xml v0.36.2
   Compiling sbr-util v0.7.0 (C:\Users\Sam\Documents\Fmmpeg\native-audit\subrandr-build\sbr-util)
   Compiling quote v1.0.37
   Compiling syn v2.0.91
   Compiling core_maths v0.1.1
   Compiling synstructure v0.13.1
   Compiling zerofrom-derive v0.1.6
   Compiling yoke-derive v0.8.0
   Compiling zerovec-derive v0.11.1
   Compiling displaydoc v0.2.5
   Compiling windows-interface v0.59.1
   Compiling windows-implement v0.60.0
   Compiling thiserror-impl v1.0.63
   Compiling sbr-macros v0.7.0 (C:\Users\Sam\Documents\Fmmpeg\native-audit\subrandr-build\sbr-macros)
   Compiling zerotrie v0.2.2
   Compiling windows-core v0.61.0
   Compiling sbr-rasterize v0.7.0 (C:\Users\Sam\Documents\Fmmpeg\native-audit\subrandr-build\sbr-rasterize)
   Compiling zerofrom v0.1.6
   Compiling windows-numerics v0.2.0
   Compiling windows-future v0.2.0
   Compiling windows-collections v0.2.0
   Compiling yoke v0.8.0
   Compiling zerovec v0.11.2
   Compiling windows v0.61.1
   Compiling tinystr v0.8.1
   Compiling potential_utf v0.1.2
   Compiling icu_collections v2.0.0
   Compiling icu_locale_core v2.0.0
   Compiling icu_provider v2.0.0
   Compiling icu_locale v2.0.0
   Compiling icu_segmenter v2.0.0
    Finished `release` profile [optimized] target(s) in 21.75s
  Installing headers to `C:/Users/Sam/Documents/Fmmpeg/native-audit/mpv-winbuild-cmake-20260814/build64/install/x86_64-w64-mingw32\include`
  Installing libsubrandr.a to `C:/Users/Sam/Documents/Fmmpeg/native-audit/mpv-winbuild-cmake-20260814/build64/install/x86_64-w64-mingw32\lib`
  Installing subrandr.pc to `C:/Users/Sam/Documents/Fmmpeg/native-audit/mpv-winbuild-cmake-20260814/build64/install/x86_64-w64-mingw32\lib\pkgconfig`
